../Core/Src/ad717x.c:60:5:ad717x_set_channel_status	24	static
../Core/Src/ad717x.c:94:5:ad717x_set_adc_mode	24	static
../Core/Src/ad717x.c:125:5:ad717x_connect_analog_input	24	static
../Core/Src/ad717x.c:193:5:ad717x_assign_setup	24	static
../Core/Src/ad717x.c:223:5:ad717x_set_polarity	24	static
../Core/Src/ad717x.c:256:5:ad717x_set_reference_source	24	static
../Core/Src/ad717x.c:304:5:ad717x_enable_input_buffer	24	static
../Core/Src/ad717x.c:348:5:ad717x_single_read	32	static
../Core/Src/ad717x.c:385:16:AD717X_GetReg	24	static
../Core/Src/ad717x.c:413:9:AD717X_ReadRegister	24	static
../Core/Src/ad717x.c:492:9:AD717X_WriteRegister	40	static
../Core/Src/ad717x.c:546:9:AD717X_Reset	32	static
../Core/Src/ad717x.c:570:9:AD717X_WaitForReady	32	static
../Core/Src/ad717x.c:605:9:AD717X_ReadData	24	static
../Core/Src/ad717x.c:638:9:AD717X_ComputeDataregSize	32	static
../Core/Src/ad717x.c:676:9:AD717X_ComputeCRC8	24	static
../Core/Src/ad717x.c:706:9:AD717X_ComputeXOR8	24	static
../Core/Src/ad717x.c:726:9:AD717X_UpdateCRCSetting	24	static
../Core/Src/ad717x.c:756:9:ad717x_configure_device_odr	24	static
../Core/Src/ad717x.c:791:9:AD717X_Init	32	static
../Core/Src/ad717x.c:915:9:AD717X_remove	24	static
