../Core/Src/main.c:107:5:main	24	static
../Core/Src/main.c:211:6:SystemClock_Config	88	static
../Core/Src/main.c:265:13:MX_SPI1_Init	8	static
../Core/Src/main.c:303:13:MX_SPI2_Init	8	static
../Core/Src/main.c:341:13:MX_TIM2_Init	32	static
../Core/Src/main.c:386:13:MX_USART2_UART_Init	8	static
../Core/Src/main.c:417:13:MX_DMA_Init	16	static
../Core/Src/main.c:438:13:MX_GPIO_Init	48	static
../Core/Src/main.c:481:9:ad717x_app_initialize	376	static
../Core/Src/main.c:499:6:HAL_GPIO_EXTI_Callback	144	static,ignoring_inline_asm
../Core/Src/main.c:599:6:delay_us	24	static
../Core/Src/main.c:605:6:dac_readreg	72	static
../Core/Src/main.c:630:6:dac_writereg	24	static
../Core/Src/main.c:650:6:HAL_UART_TxCpltCallback	16	static
../Core/Src/main.c:659:6:Error_Handler	4	static,ignoring_inline_asm
