../Core/Src/main.c:113:5:main	24	static
../Core/Src/main.c:218:6:SystemClock_Config	88	static
../Core/Src/main.c:272:13:MX_SPI1_Init	8	static
../Core/Src/main.c:310:13:MX_SPI2_Init	8	static
../Core/Src/main.c:348:13:MX_TIM2_Init	32	static
../Core/Src/main.c:393:13:MX_TIM3_Init	32	static
../Core/Src/main.c:438:13:MX_USART2_UART_Init	8	static
../Core/Src/main.c:469:13:MX_DMA_Init	16	static
../Core/Src/main.c:490:13:MX_GPIO_Init	48	static
../Core/Src/main.c:533:9:ad717x_app_initialize	376	static
../Core/Src/main.c:551:6:HAL_GPIO_EXTI_Callback	144	static,ignoring_inline_asm
../Core/Src/main.c:651:6:delay_us	24	static
../Core/Src/main.c:657:6:dac_readreg	72	static
../Core/Src/main.c:682:6:dac_writereg	24	static
../Core/Src/main.c:702:6:HAL_UART_TxCpltCallback	16	static
../Core/Src/main.c:707:6:HAL_TIM_PeriodElapsedCallback	16	static
../Core/Src/main.c:727:6:Error_Handler	4	static,ignoring_inline_asm
